[debug] [2025-11-20T11:43:46.888Z] ----------------------------------------------------------------------
[debug] [2025-11-20T11:43:46.891Z] Command:       C:\Program Files\nodejs\node.exe C:\Users\karee\AppData\Roaming\npm\node_modules\firebase-tools\lib\bin\firebase.js init hosting
[debug] [2025-11-20T11:43:46.891Z] CLI Version:   14.25.1
[debug] [2025-11-20T11:43:46.891Z] Platform:      win32
[debug] [2025-11-20T11:43:46.891Z] Node Version:  v24.11.1
[debug] [2025-11-20T11:43:46.891Z] Time:          Thu Nov 20 2025 11:43:46 GMT+0000 (Greenwich Mean Time)
[debug] [2025-11-20T11:43:46.891Z] ----------------------------------------------------------------------
[debug] 
[info] 
     ######## #### ########  ######## ########     ###     ######  ########
     ##        ##  ##     ## ##       ##     ##  ##   ##  ##       ##
     ######    ##  ########  ######   ########  #########  ######  ######
     ##        ##  ##    ##  ##       ##     ## ##     ##       ## ##
     ##       #### ##     ## ######## ########  ##     ##  ######  ########

You're about to initialize a Firebase project in this directory:

  C:\Users\karee\Documents\Group Project\Group Website

[info] 
=== Project Setup
[info] 
[info] First, let's associate this project directory with a Firebase project.
[info] You can create multiple project aliases by running firebase use --add, 
[info] 
[info] i  If you want to create a project in a Google Cloud organization or folder, please use "firebase projects:create" instead, and return to this command when you've created the project. 
[debug] [2025-11-20T11:44:06.378Z] > command requires scopes: ["email","openid","https://www.googleapis.com/auth/cloudplatformprojects.readonly","https://www.googleapis.com/auth/firebase","https://www.googleapis.com/auth/cloud-platform"]
[debug] [2025-11-20T11:44:06.378Z] > authorizing via signed-in user (kgallogley04@gmail.com)
[debug] [2025-11-20T11:44:23.206Z] Checked if tokens are valid: true, expires at: 1763642000420
[debug] [2025-11-20T11:44:23.206Z] Checked if tokens are valid: true, expires at: 1763642000420
[debug] [2025-11-20T11:44:23.208Z] >>> [apiv2][query] POST https://firebase.googleapis.com/v1/projects:checkProjectId [none]
[debug] [2025-11-20T11:44:23.208Z] >>> [apiv2][body] POST https://firebase.googleapis.com/v1/projects:checkProjectId {"proposedId":"firebase projects:create"}
[debug] [2025-11-20T11:44:23.288Z] <<< [apiv2][status] POST https://firebase.googleapis.com/v1/projects:checkProjectId 400
[debug] [2025-11-20T11:44:23.288Z] <<< [apiv2][body] POST https://firebase.googleapis.com/v1/projects:checkProjectId {"error":{"code":400,"message":"Request contains an invalid argument.","status":"INVALID_ARGUMENT"}}
[debug] [2025-11-20T11:44:23.288Z] Couldn't check if project ID firebase projects:create is available. Original error: FirebaseError: Failed to check if project ID is available. See firebase-debug.log for more info.
[debug] [2025-11-20T11:44:32.480Z] Checked if tokens are valid: true, expires at: 1763642000420
[debug] [2025-11-20T11:44:32.480Z] Checked if tokens are valid: true, expires at: 1763642000420
[debug] [2025-11-20T11:44:32.480Z] >>> [apiv2][query] POST https://cloudresourcemanager.googleapis.com/v1/projects [none]
[debug] [2025-11-20T11:44:32.480Z] >>> [apiv2][body] POST https://cloudresourcemanager.googleapis.com/v1/projects {"projectId":"firebase projects:create","name":"GroupProject"}
[debug] [2025-11-20T11:44:32.665Z] <<< [apiv2][status] POST https://cloudresourcemanager.googleapis.com/v1/projects 400
[debug] [2025-11-20T11:44:32.665Z] <<< [apiv2][body] POST https://cloudresourcemanager.googleapis.com/v1/projects {"error":{"code":400,"message":"field [project_id] has issue [Cannot create domain prefixed projects]","status":"INVALID_ARGUMENT","details":[{"@type":"type.googleapis.com/google.rpc.BadRequest","fieldViolations":[{"field":"project_id","description":"Cannot create domain prefixed projects"}]},{"@type":"type.googleapis.com/google.rpc.Help","links":[{"url":"https://cloud.google.com/resource-manager/reference/rest/v1/projects"}]}]}}
[debug] [2025-11-20T11:44:32.691Z] FirebaseError: Request to https://cloudresourcemanager.googleapis.com/v1/projects had HTTP Error: 400, field [project_id] has issue [Cannot create domain prefixed projects]
    at responseToError (C:\Users\karee\AppData\Roaming\npm\node_modules\firebase-tools\lib\responseToError.js:53:12)
    at RetryOperation._fn (C:\Users\karee\AppData\Roaming\npm\node_modules\firebase-tools\lib\apiv2.js:322:77)
    at process.processTicksAndRejections (node:internal/process/task_queues:103:5)
[error] 
[error] Error: Failed to create project. See firebase-debug.log for more info.
[debug] [2025-11-20T11:44:51.121Z] ----------------------------------------------------------------------
[debug] [2025-11-20T11:44:51.123Z] Command:       C:\Program Files\nodejs\node.exe C:\Users\karee\AppData\Roaming\npm\node_modules\firebase-tools\lib\bin\firebase.js init hosting
[debug] [2025-11-20T11:44:51.124Z] CLI Version:   14.25.1
[debug] [2025-11-20T11:44:51.124Z] Platform:      win32
[debug] [2025-11-20T11:44:51.124Z] Node Version:  v24.11.1
[debug] [2025-11-20T11:44:51.124Z] Time:          Thu Nov 20 2025 11:44:51 GMT+0000 (Greenwich Mean Time)
[debug] [2025-11-20T11:44:51.124Z] ----------------------------------------------------------------------
[debug] 
[info] 
     ######## #### ########  ######## ########     ###     ######  ########
     ##        ##  ##     ## ##       ##     ##  ##   ##  ##       ##
     ######    ##  ########  ######   ########  #########  ######  ######
     ##        ##  ##    ##  ##       ##     ## ##     ##       ## ##
     ##       #### ##     ## ######## ########  ##     ##  ######  ########

You're about to initialize a Firebase project in this directory:

  C:\Users\karee\Documents\Group Project\Group Website

[info] 
=== Project Setup
[info] 
[info] First, let's associate this project directory with a Firebase project.
[info] You can create multiple project aliases by running firebase use --add, 
[info] 
[info] i  If you want to create a project in a Google Cloud organization or folder, please use "firebase projects:create" instead, and return to this command when you've created the project. 
[debug] [2025-11-20T11:44:58.861Z] > command requires scopes: ["email","openid","https://www.googleapis.com/auth/cloudplatformprojects.readonly","https://www.googleapis.com/auth/firebase","https://www.googleapis.com/auth/cloud-platform"]
[debug] [2025-11-20T11:44:58.861Z] > authorizing via signed-in user (kgallogley04@gmail.com)
[debug] [2025-11-20T11:45:07.488Z] Checked if tokens are valid: true, expires at: 1763642000420
[debug] [2025-11-20T11:45:07.488Z] Checked if tokens are valid: true, expires at: 1763642000420
[debug] [2025-11-20T11:45:07.490Z] >>> [apiv2][query] POST https://firebase.googleapis.com/v1/projects:checkProjectId [none]
[debug] [2025-11-20T11:45:07.491Z] >>> [apiv2][body] POST https://firebase.googleapis.com/v1/projects:checkProjectId {"proposedId":"firebase projects:create"}
[debug] [2025-11-20T11:45:07.564Z] <<< [apiv2][status] POST https://firebase.googleapis.com/v1/projects:checkProjectId 400
[debug] [2025-11-20T11:45:07.564Z] <<< [apiv2][body] POST https://firebase.googleapis.com/v1/projects:checkProjectId {"error":{"code":400,"message":"Request contains an invalid argument.","status":"INVALID_ARGUMENT"}}
[debug] [2025-11-20T11:45:07.564Z] Couldn't check if project ID firebase projects:create is available. Original error: FirebaseError: Failed to check if project ID is available. See firebase-debug.log for more info.
[debug] [2025-11-20T11:45:10.558Z] Checked if tokens are valid: true, expires at: 1763642000420
[debug] [2025-11-20T11:45:10.558Z] Checked if tokens are valid: true, expires at: 1763642000420
[debug] [2025-11-20T11:45:10.558Z] >>> [apiv2][query] POST https://cloudresourcemanager.googleapis.com/v1/projects [none]
[debug] [2025-11-20T11:45:10.558Z] >>> [apiv2][body] POST https://cloudresourcemanager.googleapis.com/v1/projects {"projectId":"firebase projects:create","name":"firebase projects:create"}
[debug] [2025-11-20T11:45:10.735Z] <<< [apiv2][status] POST https://cloudresourcemanager.googleapis.com/v1/projects 400
[debug] [2025-11-20T11:45:10.736Z] <<< [apiv2][body] POST https://cloudresourcemanager.googleapis.com/v1/projects {"error":{"code":400,"message":"Request contains an invalid argument.","status":"INVALID_ARGUMENT","details":[{"@type":"type.googleapis.com/google.rpc.BadRequest","fieldViolations":[{"field":"project_id","description":"Cannot create domain prefixed projects"},{"field":"display_name","description":"project display name contains invalid characters"}]},{"@type":"type.googleapis.com/google.rpc.Help","links":[{"url":"https://cloud.google.com/resource-manager/reference/rest/v1/projects"}]}]}}
[debug] [2025-11-20T11:45:10.760Z] FirebaseError: Request to https://cloudresourcemanager.googleapis.com/v1/projects had HTTP Error: 400, Request contains an invalid argument.
    at responseToError (C:\Users\karee\AppData\Roaming\npm\node_modules\firebase-tools\lib\responseToError.js:53:12)
    at RetryOperation._fn (C:\Users\karee\AppData\Roaming\npm\node_modules\firebase-tools\lib\apiv2.js:322:77)
    at process.processTicksAndRejections (node:internal/process/task_queues:103:5)
[error] 
[error] Error: Failed to create project. See firebase-debug.log for more info.
[debug] [2025-11-20T11:45:15.717Z] ----------------------------------------------------------------------
[debug] [2025-11-20T11:45:15.719Z] Command:       C:\Program Files\nodejs\node.exe C:\Users\karee\AppData\Roaming\npm\node_modules\firebase-tools\lib\bin\firebase.js init hosting
[debug] [2025-11-20T11:45:15.719Z] CLI Version:   14.25.1
[debug] [2025-11-20T11:45:15.720Z] Platform:      win32
[debug] [2025-11-20T11:45:15.720Z] Node Version:  v24.11.1
[debug] [2025-11-20T11:45:15.720Z] Time:          Thu Nov 20 2025 11:45:15 GMT+0000 (Greenwich Mean Time)
[debug] [2025-11-20T11:45:15.720Z] ----------------------------------------------------------------------
[debug] 
[info] 
     ######## #### ########  ######## ########     ###     ######  ########
     ##        ##  ##     ## ##       ##     ##  ##   ##  ##       ##
     ######    ##  ########  ######   ########  #########  ######  ######
     ##        ##  ##    ##  ##       ##     ## ##     ##       ## ##
     ##       #### ##     ## ######## ########  ##     ##  ######  ########

You're about to initialize a Firebase project in this directory:

  C:\Users\karee\Documents\Group Project\Group Website

[info] 
=== Project Setup
[info] 
[info] First, let's associate this project directory with a Firebase project.
[info] You can create multiple project aliases by running firebase use --add, 
[info] 
[info] i  If you want to create a project in a Google Cloud organization or folder, please use "firebase projects:create" instead, and return to this command when you've created the project. 
[debug] [2025-11-20T11:45:19.911Z] > command requires scopes: ["email","openid","https://www.googleapis.com/auth/cloudplatformprojects.readonly","https://www.googleapis.com/auth/firebase","https://www.googleapis.com/auth/cloud-platform"]
[debug] [2025-11-20T11:45:19.911Z] > authorizing via signed-in user (kgallogley04@gmail.com)
[debug] [2025-11-20T11:45:47.643Z] Checked if tokens are valid: true, expires at: 1763642000420
[debug] [2025-11-20T11:45:47.644Z] Checked if tokens are valid: true, expires at: 1763642000420
[debug] [2025-11-20T11:45:47.646Z] >>> [apiv2][query] POST https://firebase.googleapis.com/v1/projects:checkProjectId [none]
[debug] [2025-11-20T11:45:47.646Z] >>> [apiv2][body] POST https://firebase.googleapis.com/v1/projects:checkProjectId {"proposedId":"nmsproject"}
[debug] [2025-11-20T11:45:48.106Z] <<< [apiv2][status] POST https://firebase.googleapis.com/v1/projects:checkProjectId 200
[debug] [2025-11-20T11:45:48.106Z] <<< [apiv2][body] POST https://firebase.googleapis.com/v1/projects:checkProjectId {"projectIdStatus":"PROJECT_ID_UNAVAILABLE","suggestedProjectId":"nmsproject-b4299"}
[debug] [2025-11-20T11:46:00.145Z] Checked if tokens are valid: true, expires at: 1763642000420
[debug] [2025-11-20T11:46:00.145Z] Checked if tokens are valid: true, expires at: 1763642000420
[debug] [2025-11-20T11:46:00.146Z] >>> [apiv2][query] POST https://firebase.googleapis.com/v1/projects:checkProjectId [none]
[debug] [2025-11-20T11:46:00.146Z] >>> [apiv2][body] POST https://firebase.googleapis.com/v1/projects:checkProjectId {"proposedId":"nmsproject-0903"}
[debug] [2025-11-20T11:46:00.410Z] <<< [apiv2][status] POST https://firebase.googleapis.com/v1/projects:checkProjectId 200
[debug] [2025-11-20T11:46:00.410Z] <<< [apiv2][body] POST https://firebase.googleapis.com/v1/projects:checkProjectId {"projectIdStatus":"PROJECT_ID_AVAILABLE","suggestedProjectId":"nmsproject-0903"}
[debug] [2025-11-20T11:46:04.679Z] Checked if tokens are valid: true, expires at: 1763642000420
[debug] [2025-11-20T11:46:04.679Z] Checked if tokens are valid: true, expires at: 1763642000420
[debug] [2025-11-20T11:46:04.680Z] >>> [apiv2][query] POST https://cloudresourcemanager.googleapis.com/v1/projects [none]
[debug] [2025-11-20T11:46:04.680Z] >>> [apiv2][body] POST https://cloudresourcemanager.googleapis.com/v1/projects {"projectId":"nmsproject-0903","name":"nmsproject-0903"}
[debug] [2025-11-20T11:46:04.953Z] <<< [apiv2][status] POST https://cloudresourcemanager.googleapis.com/v1/projects 200
[debug] [2025-11-20T11:46:04.953Z] <<< [apiv2][body] POST https://cloudresourcemanager.googleapis.com/v1/projects {"name":"operations/create_project.global.6018548363726074002"}
[debug] [2025-11-20T11:46:04.954Z] Checked if tokens are valid: true, expires at: 1763642000420
[debug] [2025-11-20T11:46:04.954Z] Checked if tokens are valid: true, expires at: 1763642000420
[debug] [2025-11-20T11:46:04.954Z] >>> [apiv2][query] GET https://cloudresourcemanager.googleapis.com/v1/operations/create_project.global.6018548363726074002 [none]
[debug] [2025-11-20T11:46:05.605Z] <<< [apiv2][status] GET https://cloudresourcemanager.googleapis.com/v1/operations/create_project.global.6018548363726074002 200
[debug] [2025-11-20T11:46:05.606Z] <<< [apiv2][body] GET https://cloudresourcemanager.googleapis.com/v1/operations/create_project.global.6018548363726074002 {"name":"operations/create_project.global.6018548363726074002","metadata":{"@type":"type.googleapis.com/google.cloudresourcemanager.v1.ProjectCreationStatus","ready":true},"done":true,"error":{"code":9,"message":"Callers must accept Terms of Service","details":[{"@type":"type.googleapis.com/google.rpc.PreconditionFailure","violations":[{"type":"TOS","subject":"cloud","description":"Callers must accept Terms of Service"}]}]}}
[debug] [2025-11-20T11:46:05.632Z] FirebaseError: Callers must accept Terms of Service
    at OperationPoller.poll (C:\Users\karee\AppData\Roaming\npm\node_modules\firebase-tools\lib\operation-poller.js:24:19)
    at process.processTicksAndRejections (node:internal/process/task_queues:103:5)
    at async createCloudProject (C:\Users\karee\AppData\Roaming\npm\node_modules\firebase-tools\lib\management\projects.js:227:29)
    at async createFirebaseProjectAndLog (C:\Users\karee\AppData\Roaming\npm\node_modules\firebase-tools\lib\management\projects.js:87:9)
    at async Object.doSetup (C:\Users\karee\AppData\Roaming\npm\node_modules\firebase-tools\lib\init\features\project.js:65:24)
    at async init (C:\Users\karee\AppData\Roaming\npm\node_modules\firebase-tools\lib\init\index.js:77:13)
    at async Command.initAction [as actionFn] (C:\Users\karee\AppData\Roaming\npm\node_modules\firebase-tools\lib\commands\init.js:217:5)
[error] 
[error] Error: Failed to create project. See firebase-debug.log for more info.
[debug] [2025-11-20T11:49:43.472Z] ----------------------------------------------------------------------
[debug] [2025-11-20T11:49:43.474Z] Command:       C:\Program Files\nodejs\node.exe C:\Users\karee\AppData\Roaming\npm\node_modules\firebase-tools\lib\bin\firebase.js init hosting
[debug] [2025-11-20T11:49:43.474Z] CLI Version:   14.25.1
[debug] [2025-11-20T11:49:43.474Z] Platform:      win32
[debug] [2025-11-20T11:49:43.474Z] Node Version:  v24.11.1
[debug] [2025-11-20T11:49:43.474Z] Time:          Thu Nov 20 2025 11:49:43 GMT+0000 (Greenwich Mean Time)
[debug] [2025-11-20T11:49:43.474Z] ----------------------------------------------------------------------
[debug] 
[info] 
     ######## #### ########  ######## ########     ###     ######  ########
     ##        ##  ##     ## ##       ##     ##  ##   ##  ##       ##
     ######    ##  ########  ######   ########  #########  ######  ######
     ##        ##  ##    ##  ##       ##     ## ##     ##       ## ##
     ##       #### ##     ## ######## ########  ##     ##  ######  ########

You're about to initialize a Firebase project in this directory:

  C:\Users\karee\Documents\Group Project\Group Website

[info] 
=== Project Setup
[info] 
[info] First, let's associate this project directory with a Firebase project.
[info] You can create multiple project aliases by running firebase use --add, 
[info] 
[info] i  If you want to create a project in a Google Cloud organization or folder, please use "firebase projects:create" instead, and return to this command when you've created the project. 
[debug] [2025-11-20T11:49:47.872Z] > command requires scopes: ["email","openid","https://www.googleapis.com/auth/cloudplatformprojects.readonly","https://www.googleapis.com/auth/firebase","https://www.googleapis.com/auth/cloud-platform"]
[debug] [2025-11-20T11:49:47.872Z] > authorizing via signed-in user (kgallogley04@gmail.com)
[debug] [2025-11-20T11:49:57.762Z] Checked if tokens are valid: true, expires at: 1763642000420
[debug] [2025-11-20T11:49:57.762Z] Checked if tokens are valid: true, expires at: 1763642000420
[debug] [2025-11-20T11:49:57.763Z] >>> [apiv2][query] POST https://firebase.googleapis.com/v1/projects:checkProjectId [none]
[debug] [2025-11-20T11:49:57.764Z] >>> [apiv2][body] POST https://firebase.googleapis.com/v1/projects:checkProjectId {"proposedId":"npmgroupsite"}
[debug] [2025-11-20T11:49:58.098Z] <<< [apiv2][status] POST https://firebase.googleapis.com/v1/projects:checkProjectId 200
[debug] [2025-11-20T11:49:58.098Z] <<< [apiv2][body] POST https://firebase.googleapis.com/v1/projects:checkProjectId {"projectIdStatus":"PROJECT_ID_AVAILABLE","suggestedProjectId":"npmgroupsite"}
[debug] [2025-11-20T11:50:02.629Z] Checked if tokens are valid: true, expires at: 1763642000420
[debug] [2025-11-20T11:50:02.629Z] Checked if tokens are valid: true, expires at: 1763642000420
[debug] [2025-11-20T11:50:02.629Z] >>> [apiv2][query] POST https://cloudresourcemanager.googleapis.com/v1/projects [none]
[debug] [2025-11-20T11:50:02.629Z] >>> [apiv2][body] POST https://cloudresourcemanager.googleapis.com/v1/projects {"projectId":"npmgroupsite","name":"npmgroupsite"}
[debug] [2025-11-20T11:50:03.028Z] <<< [apiv2][status] POST https://cloudresourcemanager.googleapis.com/v1/projects 200
[debug] [2025-11-20T11:50:03.028Z] <<< [apiv2][body] POST https://cloudresourcemanager.googleapis.com/v1/projects {"name":"operations/create_project.global.8416254049448192628"}
[debug] [2025-11-20T11:50:03.028Z] Checked if tokens are valid: true, expires at: 1763642000420
[debug] [2025-11-20T11:50:03.029Z] Checked if tokens are valid: true, expires at: 1763642000420
[debug] [2025-11-20T11:50:03.029Z] >>> [apiv2][query] GET https://cloudresourcemanager.googleapis.com/v1/operations/create_project.global.8416254049448192628 [none]
[debug] [2025-11-20T11:50:03.690Z] <<< [apiv2][status] GET https://cloudresourcemanager.googleapis.com/v1/operations/create_project.global.8416254049448192628 200
[debug] [2025-11-20T11:50:03.690Z] <<< [apiv2][body] GET https://cloudresourcemanager.googleapis.com/v1/operations/create_project.global.8416254049448192628 {"name":"operations/create_project.global.8416254049448192628","metadata":{"@type":"type.googleapis.com/google.cloudresourcemanager.v1.ProjectCreationStatus","ready":true},"done":true,"error":{"code":9,"message":"Callers must accept Terms of Service","details":[{"@type":"type.googleapis.com/google.rpc.PreconditionFailure","violations":[{"type":"TOS","subject":"cloud","description":"Callers must accept Terms of Service"}]}]}}
[debug] [2025-11-20T11:50:03.721Z] FirebaseError: Callers must accept Terms of Service
    at OperationPoller.poll (C:\Users\karee\AppData\Roaming\npm\node_modules\firebase-tools\lib\operation-poller.js:24:19)
    at process.processTicksAndRejections (node:internal/process/task_queues:103:5)
    at async createCloudProject (C:\Users\karee\AppData\Roaming\npm\node_modules\firebase-tools\lib\management\projects.js:227:29)
    at async createFirebaseProjectAndLog (C:\Users\karee\AppData\Roaming\npm\node_modules\firebase-tools\lib\management\projects.js:87:9)
    at async Object.doSetup (C:\Users\karee\AppData\Roaming\npm\node_modules\firebase-tools\lib\init\features\project.js:65:24)
    at async init (C:\Users\karee\AppData\Roaming\npm\node_modules\firebase-tools\lib\init\index.js:77:13)
    at async Command.initAction [as actionFn] (C:\Users\karee\AppData\Roaming\npm\node_modules\firebase-tools\lib\commands\init.js:217:5)
[error] 
[error] Error: Failed to create project. See firebase-debug.log for more info.
